// Jest Snapshot v1, https://goo.gl/fbAQLP

exports[`<HelpScreen /> should render and match the snapshot 1`] = `
<h1>
  <span>
    This is the HelpScreen container!
  </span>
</h1>
`;
